

================================================================
== Vivado HLS Report for 'KBF_accel'
================================================================
* Date:           Tue Aug 13 15:11:08 2019

* Version:        2015.2 (Build 1266856 on Fri Jun 26 16:57:37 PM 2015)
* Project:        SVM
* Solution:       solution1
* Product family: zynq
* Target device:  xc7z020clg484-1


================================================================
== Performance Estimates
================================================================
+ Timing (ns): 
    * Summary: 
    +--------+-------+----------+------------+
    |  Clock | Target| Estimated| Uncertainty|
    +--------+-------+----------+------------+
    |ap_clk  |  10.00|      9.55|        1.25|
    +--------+-------+----------+------------+

+ Latency (clock cycles): 
    * Summary: 
    +-----+-----+-----+-----+---------+
    |  Latency  |  Interval | Pipeline|
    | min | max | min | max |   Type  |
    +-----+-----+-----+-----+---------+
    |  202|  202|  203|  203|   none  |
    +-----+-----+-----+-----+---------+

    + Detail: 
        * Instance: 
        N/A

        * Loop: 
        +----------+-----+-----+----------+-----------+-----------+------+----------+
        |          |  Latency  | Iteration|  Initiation Interval  | Trip |          |
        | Loop Name| min | max |  Latency |  achieved |   target  | Count| Pipelined|
        +----------+-----+-----+----------+-----------+-----------+------+----------+
        |- Loop 1  |   60|   60|         1|          1|          1|    60|    yes   |
        |- Loop 2  |    6|    6|         1|          1|          1|     6|    yes   |
        |- Loop 3  |   10|   10|         2|          1|          1|    10|    yes   |
        +----------+-----+-----+----------+-----------+-----------+------+----------+



================================================================
== Utilization Estimates
================================================================
* Summary: 
+-----------------+---------+-------+--------+-------+
|       Name      | BRAM_18K| DSP48E|   FF   |  LUT  |
+-----------------+---------+-------+--------+-------+
|Expression       |        -|      -|       0|   2901|
|FIFO             |        -|      -|       -|      -|
|Instance         |        0|     72|   16960|  25760|
|Memory           |        0|      -|     384|     30|
|Multiplexer      |        -|      -|       -|   8689|
|Register         |        -|      -|   11435|      -|
+-----------------+---------+-------+--------+-------+
|Total            |        0|     72|   28779|  37380|
+-----------------+---------+-------+--------+-------+
|Available        |      280|    220|  106400|  53200|
+-----------------+---------+-------+--------+-------+
|Utilization (%)  |        0|     32|      27|     70|
+-----------------+---------+-------+--------+-------+

+ Detail: 
    * Instance: 
    +------------------------------------------------+--------------------------------------------+---------+-------+-----+-----+
    |                    Instance                    |                   Module                   | BRAM_18K| DSP48E|  FF | LUT |
    +------------------------------------------------+--------------------------------------------+---------+-------+-----+-----+
    |KBF_accel_CONTROL_BUS_s_axi_U                   |KBF_accel_CONTROL_BUS_s_axi                 |        0|      0|   36|   40|
    |KBF_accel_faddfsub_32ns_32ns_32_5_full_dsp_U0   |KBF_accel_faddfsub_32ns_32ns_32_5_full_dsp  |        0|      2|  205|  390|
    |KBF_accel_faddfsub_32ns_32ns_32_5_full_dsp_U1   |KBF_accel_faddfsub_32ns_32ns_32_5_full_dsp  |        0|      2|  205|  390|
    |KBF_accel_faddfsub_32ns_32ns_32_5_full_dsp_U2   |KBF_accel_faddfsub_32ns_32ns_32_5_full_dsp  |        0|      2|  205|  390|
    |KBF_accel_faddfsub_32ns_32ns_32_5_full_dsp_U3   |KBF_accel_faddfsub_32ns_32ns_32_5_full_dsp  |        0|      2|  205|  390|
    |KBF_accel_faddfsub_32ns_32ns_32_5_full_dsp_U4   |KBF_accel_faddfsub_32ns_32ns_32_5_full_dsp  |        0|      2|  205|  390|
    |KBF_accel_faddfsub_32ns_32ns_32_5_full_dsp_U5   |KBF_accel_faddfsub_32ns_32ns_32_5_full_dsp  |        0|      2|  205|  390|
    |KBF_accel_faddfsub_32ns_32ns_32_5_full_dsp_U6   |KBF_accel_faddfsub_32ns_32ns_32_5_full_dsp  |        0|      2|  205|  390|
    |KBF_accel_faddfsub_32ns_32ns_32_5_full_dsp_U7   |KBF_accel_faddfsub_32ns_32ns_32_5_full_dsp  |        0|      2|  205|  390|
    |KBF_accel_faddfsub_32ns_32ns_32_5_full_dsp_U8   |KBF_accel_faddfsub_32ns_32ns_32_5_full_dsp  |        0|      2|  205|  390|
    |KBF_accel_faddfsub_32ns_32ns_32_5_full_dsp_U9   |KBF_accel_faddfsub_32ns_32ns_32_5_full_dsp  |        0|      2|  205|  390|
    |KBF_accel_faddfsub_32ns_32ns_32_5_full_dsp_U10  |KBF_accel_faddfsub_32ns_32ns_32_5_full_dsp  |        0|      2|  205|  390|
    |KBF_accel_faddfsub_32ns_32ns_32_5_full_dsp_U11  |KBF_accel_faddfsub_32ns_32ns_32_5_full_dsp  |        0|      2|  205|  390|
    |KBF_accel_fdiv_32ns_32ns_32_16_U28              |KBF_accel_fdiv_32ns_32ns_32_16              |        0|      0|  761|  994|
    |KBF_accel_fdiv_32ns_32ns_32_16_U29              |KBF_accel_fdiv_32ns_32ns_32_16              |        0|      0|  761|  994|
    |KBF_accel_fdiv_32ns_32ns_32_16_U30              |KBF_accel_fdiv_32ns_32ns_32_16              |        0|      0|  761|  994|
    |KBF_accel_fdiv_32ns_32ns_32_16_U31              |KBF_accel_fdiv_32ns_32ns_32_16              |        0|      0|  761|  994|
    |KBF_accel_fdiv_32ns_32ns_32_16_U32              |KBF_accel_fdiv_32ns_32ns_32_16              |        0|      0|  761|  994|
    |KBF_accel_fdiv_32ns_32ns_32_16_U33              |KBF_accel_fdiv_32ns_32ns_32_16              |        0|      0|  761|  994|
    |KBF_accel_fdiv_32ns_32ns_32_16_U34              |KBF_accel_fdiv_32ns_32ns_32_16              |        0|      0|  761|  994|
    |KBF_accel_fdiv_32ns_32ns_32_16_U35              |KBF_accel_fdiv_32ns_32ns_32_16              |        0|      0|  761|  994|
    |KBF_accel_fdiv_32ns_32ns_32_16_U36              |KBF_accel_fdiv_32ns_32ns_32_16              |        0|      0|  761|  994|
    |KBF_accel_fdiv_32ns_32ns_32_16_U37              |KBF_accel_fdiv_32ns_32ns_32_16              |        0|      0|  761|  994|
    |KBF_accel_fdiv_32ns_32ns_32_16_U38              |KBF_accel_fdiv_32ns_32ns_32_16              |        0|      0|  761|  994|
    |KBF_accel_fdiv_32ns_32ns_32_16_U39              |KBF_accel_fdiv_32ns_32ns_32_16              |        0|      0|  761|  994|
    |KBF_accel_fdiv_32ns_32ns_32_16_U40              |KBF_accel_fdiv_32ns_32ns_32_16              |        0|      0|  761|  994|
    |KBF_accel_fdiv_32ns_32ns_32_16_U41              |KBF_accel_fdiv_32ns_32ns_32_16              |        0|      0|  761|  994|
    |KBF_accel_fdiv_32ns_32ns_32_16_U42              |KBF_accel_fdiv_32ns_32ns_32_16              |        0|      0|  761|  994|
    |KBF_accel_fdiv_32ns_32ns_32_16_U43              |KBF_accel_fdiv_32ns_32ns_32_16              |        0|      0|  761|  994|
    |KBF_accel_fmul_32ns_32ns_32_4_max_dsp_U12       |KBF_accel_fmul_32ns_32ns_32_4_max_dsp       |        0|      3|  143|  321|
    |KBF_accel_fmul_32ns_32ns_32_4_max_dsp_U13       |KBF_accel_fmul_32ns_32ns_32_4_max_dsp       |        0|      3|  143|  321|
    |KBF_accel_fmul_32ns_32ns_32_4_max_dsp_U14       |KBF_accel_fmul_32ns_32ns_32_4_max_dsp       |        0|      3|  143|  321|
    |KBF_accel_fmul_32ns_32ns_32_4_max_dsp_U15       |KBF_accel_fmul_32ns_32ns_32_4_max_dsp       |        0|      3|  143|  321|
    |KBF_accel_fmul_32ns_32ns_32_4_max_dsp_U16       |KBF_accel_fmul_32ns_32ns_32_4_max_dsp       |        0|      3|  143|  321|
    |KBF_accel_fmul_32ns_32ns_32_4_max_dsp_U17       |KBF_accel_fmul_32ns_32ns_32_4_max_dsp       |        0|      3|  143|  321|
    |KBF_accel_fmul_32ns_32ns_32_4_max_dsp_U18       |KBF_accel_fmul_32ns_32ns_32_4_max_dsp       |        0|      3|  143|  321|
    |KBF_accel_fmul_32ns_32ns_32_4_max_dsp_U19       |KBF_accel_fmul_32ns_32ns_32_4_max_dsp       |        0|      3|  143|  321|
    |KBF_accel_fmul_32ns_32ns_32_4_max_dsp_U20       |KBF_accel_fmul_32ns_32ns_32_4_max_dsp       |        0|      3|  143|  321|
    |KBF_accel_fmul_32ns_32ns_32_4_max_dsp_U21       |KBF_accel_fmul_32ns_32ns_32_4_max_dsp       |        0|      3|  143|  321|
    |KBF_accel_fmul_32ns_32ns_32_4_max_dsp_U22       |KBF_accel_fmul_32ns_32ns_32_4_max_dsp       |        0|      3|  143|  321|
    |KBF_accel_fmul_32ns_32ns_32_4_max_dsp_U23       |KBF_accel_fmul_32ns_32ns_32_4_max_dsp       |        0|      3|  143|  321|
    |KBF_accel_fmul_32ns_32ns_32_4_max_dsp_U24       |KBF_accel_fmul_32ns_32ns_32_4_max_dsp       |        0|      3|  143|  321|
    |KBF_accel_fmul_32ns_32ns_32_4_max_dsp_U25       |KBF_accel_fmul_32ns_32ns_32_4_max_dsp       |        0|      3|  143|  321|
    |KBF_accel_fmul_32ns_32ns_32_4_max_dsp_U26       |KBF_accel_fmul_32ns_32ns_32_4_max_dsp       |        0|      3|  143|  321|
    |KBF_accel_fmul_32ns_32ns_32_4_max_dsp_U27       |KBF_accel_fmul_32ns_32ns_32_4_max_dsp       |        0|      3|  143|  321|
    +------------------------------------------------+--------------------------------------------+---------+-------+-----+-----+
    |Total                                           |                                            |        0|     72|16960|25760|
    +------------------------------------------------+--------------------------------------------+---------+-------+-----+-----+

    * Memory: 
    +-------+---------------+---------+----+----+------+-----+------+-------------+
    | Memory|     Module    | BRAM_18K| FF | LUT| Words| Bits| Banks| W*Bits*Banks|
    +-------+---------------+---------+----+----+------+-----+------+-------------+
    |a_0_U  |KBF_accel_a_0  |        0|  64|   5|    10|   32|     1|          320|
    |a_1_U  |KBF_accel_a_0  |        0|  64|   5|    10|   32|     1|          320|
    |a_2_U  |KBF_accel_a_0  |        0|  64|   5|    10|   32|     1|          320|
    |a_3_U  |KBF_accel_a_0  |        0|  64|   5|    10|   32|     1|          320|
    |a_4_U  |KBF_accel_a_0  |        0|  64|   5|    10|   32|     1|          320|
    |a_5_U  |KBF_accel_a_0  |        0|  64|   5|    10|   32|     1|          320|
    +-------+---------------+---------+----+----+------+-----+------+-------------+
    |Total  |               |        0| 384|  30|    60|  192|     6|         1920|
    +-------+---------------+---------+----+----+------+-----+------+-------------+

    * FIFO: 
    N/A

    * Expression: 
    +--------------------------------+----------+-------+---+----+------------+------------+
    |          Variable Name         | Operation| DSP48E| FF| LUT| Bitwidth P0| Bitwidth P1|
    +--------------------------------+----------+-------+---+----+------------+------------+
    |i8_fu_2450_p2                   |     +    |      0|  0|   4|           4|           1|
    |indvar_flatten_next_fu_2430_p2  |     +    |      0|  0|   6|           6|           1|
    |j_1_fu_2484_p2                  |     +    |      0|  0|   3|           3|           1|
    |j_2_fu_2708_p2                  |     +    |      0|  0|   4|           4|           1|
    |j_fu_2496_p2                    |     +    |      0|  0|   3|           3|           1|
    |k_1_fu_2908_p2                  |     +    |      0|  0|   7|           7|           1|
    |k_fu_2696_p2                    |     +    |      0|  0|   7|           7|           1|
    |b_5_11_fu_2616_p3               |  Select  |      0|  0|  32|           1|          32|
    |b_5_12_fu_2624_p3               |  Select  |      0|  0|  32|           1|          32|
    |b_5_13_fu_2632_p3               |  Select  |      0|  0|  32|           1|          32|
    |b_5_14_fu_2640_p3               |  Select  |      0|  0|  32|           1|          32|
    |b_5_16_fu_2648_p3               |  Select  |      0|  0|  32|           1|          32|
    |b_5_17_fu_2656_p3               |  Select  |      0|  0|  32|           1|          32|
    |b_5_18_fu_2664_p3               |  Select  |      0|  0|  32|           1|          32|
    |b_5_1_fu_2526_p3                |  Select  |      0|  0|  32|           1|          32|
    |b_5_22_fu_2672_p3               |  Select  |      0|  0|  32|           1|          32|
    |b_5_23_fu_2680_p3               |  Select  |      0|  0|  32|           1|          32|
    |b_5_24_fu_2688_p3               |  Select  |      0|  0|  32|           1|          32|
    |b_5_2_fu_2540_p3                |  Select  |      0|  0|  32|           1|          32|
    |b_5_3_fu_2554_p3                |  Select  |      0|  0|  32|           1|          32|
    |b_5_4_fu_2568_p3                |  Select  |      0|  0|  32|           1|          32|
    |b_5_5_fu_2576_p3                |  Select  |      0|  0|  32|           1|          32|
    |b_5_6_fu_2584_p3                |  Select  |      0|  0|  32|           1|          32|
    |b_5_7_fu_2592_p3                |  Select  |      0|  0|  32|           1|          32|
    |b_5_8_fu_2600_p3                |  Select  |      0|  0|  32|           1|          32|
    |b_5_9_fu_2608_p3                |  Select  |      0|  0|  32|           1|          32|
    |b_5_fu_2512_p3                  |  Select  |      0|  0|  32|           1|          32|
    |c_9_10_fu_2820_p3               |  Select  |      0|  0|  32|           1|          32|
    |c_9_11_fu_2828_p3               |  Select  |      0|  0|  32|           1|          32|
    |c_9_12_fu_2836_p3               |  Select  |      0|  0|  32|           1|          32|
    |c_9_13_fu_2844_p3               |  Select  |      0|  0|  32|           1|          32|
    |c_9_14_fu_2941_p3               |  Select  |      0|  0|  32|           1|          32|
    |c_9_15_fu_2947_p3               |  Select  |      0|  0|  32|           1|          32|
    |c_9_16_fu_2954_p3               |  Select  |      0|  0|  32|           1|          32|
    |c_9_17_fu_2961_p3               |  Select  |      0|  0|  32|           1|          32|
    |c_9_19_fu_2852_p3               |  Select  |      0|  0|  32|           1|          32|
    |c_9_1_fu_2738_p3                |  Select  |      0|  0|  32|           1|          32|
    |c_9_20_fu_2860_p3               |  Select  |      0|  0|  32|           1|          32|
    |c_9_21_fu_2868_p3               |  Select  |      0|  0|  32|           1|          32|
    |c_9_22_fu_2876_p3               |  Select  |      0|  0|  32|           1|          32|
    |c_9_23_fu_2968_p3               |  Select  |      0|  0|  32|           1|          32|
    |c_9_24_fu_2974_p3               |  Select  |      0|  0|  32|           1|          32|
    |c_9_25_fu_2981_p3               |  Select  |      0|  0|  32|           1|          32|
    |c_9_26_fu_2988_p3               |  Select  |      0|  0|  32|           1|          32|
    |c_9_28_fu_2884_p3               |  Select  |      0|  0|  32|           1|          32|
    |c_9_29_fu_2892_p3               |  Select  |      0|  0|  32|           1|          32|
    |c_9_2_fu_2752_p3                |  Select  |      0|  0|  32|           1|          32|
    |c_9_30_fu_2900_p3               |  Select  |      0|  0|  32|           1|          32|
    |c_9_31_fu_2995_p3               |  Select  |      0|  0|  32|           1|          32|
    |c_9_32_fu_3001_p3               |  Select  |      0|  0|  32|           1|          32|
    |c_9_33_fu_3008_p3               |  Select  |      0|  0|  32|           1|          32|
    |c_9_34_fu_3015_p3               |  Select  |      0|  0|  32|           1|          32|
    |c_9_36_fu_3022_p3               |  Select  |      0|  0|  32|           1|          32|
    |c_9_37_fu_3028_p3               |  Select  |      0|  0|  32|           1|          32|
    |c_9_38_fu_3035_p3               |  Select  |      0|  0|  32|           1|          32|
    |c_9_39_fu_3042_p3               |  Select  |      0|  0|  32|           1|          32|
    |c_9_3_fu_2766_p3                |  Select  |      0|  0|  32|           1|          32|
    |c_9_40_fu_3049_p3               |  Select  |      0|  0|  32|           1|          32|
    |c_9_41_fu_3056_p3               |  Select  |      0|  0|  32|           1|          32|
    |c_9_43_fu_3063_p3               |  Select  |      0|  0|  32|           1|          32|
    |c_9_44_fu_3069_p3               |  Select  |      0|  0|  32|           1|          32|
    |c_9_45_fu_3076_p3               |  Select  |      0|  0|  32|           1|          32|
    |c_9_46_fu_3083_p3               |  Select  |      0|  0|  32|           1|          32|
    |c_9_47_fu_3090_p3               |  Select  |      0|  0|  32|           1|          32|
    |c_9_49_fu_3097_p3               |  Select  |      0|  0|  32|           1|          32|
    |c_9_4_fu_2780_p3                |  Select  |      0|  0|  32|           1|          32|
    |c_9_50_fu_3103_p3               |  Select  |      0|  0|  32|           1|          32|
    |c_9_51_fu_3110_p3               |  Select  |      0|  0|  32|           1|          32|
    |c_9_52_fu_3117_p3               |  Select  |      0|  0|  32|           1|          32|
    |c_9_54_fu_3124_p3               |  Select  |      0|  0|  32|           1|          32|
    |c_9_55_fu_3130_p3               |  Select  |      0|  0|  32|           1|          32|
    |c_9_56_fu_3137_p3               |  Select  |      0|  0|  32|           1|          32|
    |c_9_5_fu_2914_p3                |  Select  |      0|  0|  32|           1|          32|
    |c_9_60_fu_3144_p3               |  Select  |      0|  0|  32|           1|          32|
    |c_9_61_fu_3150_p3               |  Select  |      0|  0|  32|           1|          32|
    |c_9_62_fu_3157_p3               |  Select  |      0|  0|  32|           1|          32|
    |c_9_6_fu_2920_p3                |  Select  |      0|  0|  32|           1|          32|
    |c_9_7_fu_2927_p3                |  Select  |      0|  0|  32|           1|          32|
    |c_9_8_fu_2934_p3                |  Select  |      0|  0|  32|           1|          32|
    |c_9_9_fu_2812_p3                |  Select  |      0|  0|  32|           1|          32|
    |c_9_fu_2724_p3                  |  Select  |      0|  0|  32|           1|          32|
    |i_0_i_mid2_fu_2456_p3           |  Select  |      0|  0|   4|           1|           4|
    |j_0_i_mid2_fu_2442_p3           |  Select  |      0|  0|   3|           1|           1|
    |ap_sig_bdd_1225                 |    and   |      0|  0|   1|           1|           1|
    |ap_sig_bdd_1246                 |    and   |      0|  0|   1|           1|           1|
    |ap_sig_bdd_1277                 |    and   |      0|  0|   1|           1|           1|
    |exitcond1_i_fu_2490_p2          |   icmp   |      0|  0|   3|           7|           7|
    |exitcond2_i_fu_2436_p2          |   icmp   |      0|  0|   2|           3|           3|
    |exitcond_flatten_fu_2424_p2     |   icmp   |      0|  0|   3|           6|           4|
    |exitcond_i_fu_2702_p2           |   icmp   |      0|  0|   3|           7|           7|
    |sel_tmp10_fu_2788_p2            |   icmp   |      0|  0|   2|           4|           2|
    |sel_tmp11_fu_2794_p2            |   icmp   |      0|  0|   2|           4|           2|
    |sel_tmp12_fu_2800_p2            |   icmp   |      0|  0|   2|           4|           1|
    |sel_tmp13_fu_2806_p2            |   icmp   |      0|  0|   2|           4|           1|
    |sel_tmp1_fu_2718_p2             |   icmp   |      0|  0|   2|           4|           5|
    |sel_tmp2_fu_2520_p2             |   icmp   |      0|  0|   2|           3|           2|
    |sel_tmp3_fu_2732_p2             |   icmp   |      0|  0|   2|           4|           3|
    |sel_tmp4_fu_2534_p2             |   icmp   |      0|  0|   2|           3|           2|
    |sel_tmp5_fu_2746_p2             |   icmp   |      0|  0|   2|           4|           3|
    |sel_tmp6_fu_2548_p2             |   icmp   |      0|  0|   2|           3|           1|
    |sel_tmp7_fu_2760_p2             |   icmp   |      0|  0|   2|           4|           3|
    |sel_tmp8_fu_2562_p2             |   icmp   |      0|  0|   2|           3|           1|
    |sel_tmp9_fu_2774_p2             |   icmp   |      0|  0|   2|           4|           3|
    |sel_tmp_fu_2506_p2              |   icmp   |      0|  0|   2|           3|           4|
    |tmp_20_neg_1_fu_3307_p2         |    xor   |      0|  0|  45|          32|          33|
    |tmp_20_neg_2_fu_3172_p2         |    xor   |      0|  0|  45|          32|          33|
    |tmp_20_neg_3_fu_3187_p2         |    xor   |      0|  0|  45|          32|          33|
    |tmp_20_neg_4_fu_3202_p2         |    xor   |      0|  0|  45|          32|          33|
    |tmp_20_neg_5_fu_3217_p2         |    xor   |      0|  0|  45|          32|          33|
    |tmp_20_neg_6_fu_3232_p2         |    xor   |      0|  0|  45|          32|          33|
    |tmp_20_neg_7_fu_3247_p2         |    xor   |      0|  0|  45|          32|          33|
    |tmp_20_neg_8_fu_3262_p2         |    xor   |      0|  0|  45|          32|          33|
    |tmp_20_neg_9_fu_3277_p2         |    xor   |      0|  0|  45|          32|          33|
    |tmp_20_neg_fu_3292_p2           |    xor   |      0|  0|  45|          32|          33|
    +--------------------------------+----------+-------+---+----+------------+------------+
    |Total                           |          |      0|  0|2901|         507|        2767|
    +--------------------------------+----------+-------+---+----+------------+------------+

    * Multiplexer: 
    +-------------------------------------+-----+-----------+-----+-----------+
    |                 Name                | LUT | Input Size| Bits| Total Bits|
    +-------------------------------------+-----+-----------+-----+-----------+
    |a_0_address0                         |    4|          7|    4|         28|
    |a_0_address1                         |    4|          6|    4|         24|
    |a_1_address0                         |    4|          7|    4|         28|
    |a_1_address1                         |    4|          6|    4|         24|
    |a_2_address0                         |    4|          7|    4|         28|
    |a_2_address1                         |    4|          6|    4|         24|
    |a_3_address0                         |    4|          7|    4|         28|
    |a_3_address1                         |    4|          6|    4|         24|
    |a_4_address0                         |    4|          7|    4|         28|
    |a_4_address1                         |    4|          6|    4|         24|
    |a_5_address0                         |    4|          7|    4|         28|
    |a_5_address1                         |    4|          6|    4|         24|
    |ap_NS_fsm                            |  294|        128|    1|        128|
    |ap_sig_ioackin_OUTPUT_STREAM_TREADY  |    1|          2|    1|          2|
    |c_8_s_phi_fu_958_p4                  |   32|          2|   32|         64|
    |c_9_18_phi_fu_982_p4                 |   32|          2|   32|         64|
    |c_9_59_phi_fu_970_p4                 |   32|          2|   32|         64|
    |c_9_s_phi_fu_946_p4                  |   32|          2|   32|         64|
    |grp_fu_1084_opcode                   |    2|          3|    2|          6|
    |grp_fu_1084_p0                       |  224|         27|   32|        864|
    |grp_fu_1084_p1                       |  256|         31|   32|        992|
    |grp_fu_1089_opcode                   |    2|          3|    2|          6|
    |grp_fu_1089_p0                       |  384|         42|   32|       1344|
    |grp_fu_1089_p1                       |  352|         39|   32|       1248|
    |grp_fu_1094_opcode                   |    2|          3|    2|          6|
    |grp_fu_1094_p0                       |  320|         32|   32|       1024|
    |grp_fu_1094_p1                       |  192|         21|   32|        672|
    |grp_fu_1099_opcode                   |    2|          3|    2|          6|
    |grp_fu_1099_p0                       |  320|         32|   32|       1024|
    |grp_fu_1099_p1                       |  256|         28|   32|        896|
    |grp_fu_1104_opcode                   |    2|          3|    2|          6|
    |grp_fu_1104_p0                       |  192|         23|   32|        736|
    |grp_fu_1104_p1                       |  160|         19|   32|        608|
    |grp_fu_1109_opcode                   |    2|          3|    2|          6|
    |grp_fu_1109_p0                       |  192|         22|   32|        704|
    |grp_fu_1109_p1                       |  160|         18|   32|        576|
    |grp_fu_1114_opcode                   |    2|          3|    2|          6|
    |grp_fu_1114_p0                       |   96|         13|   32|        416|
    |grp_fu_1114_p1                       |   64|          9|   32|        288|
    |grp_fu_1119_opcode                   |    2|          3|    2|          6|
    |grp_fu_1119_p0                       |   96|         13|   32|        416|
    |grp_fu_1119_p1                       |   64|          9|   32|        288|
    |grp_fu_1124_opcode                   |    2|          3|    2|          6|
    |grp_fu_1124_p0                       |   64|          9|   32|        288|
    |grp_fu_1124_p1                       |   32|          5|   32|        160|
    |grp_fu_1129_opcode                   |    2|          3|    2|          6|
    |grp_fu_1129_p0                       |   64|          9|   32|        288|
    |grp_fu_1129_p1                       |   32|          5|   32|        160|
    |grp_fu_1134_opcode                   |    2|          3|    2|          6|
    |grp_fu_1134_p0                       |   32|          7|   32|        224|
    |grp_fu_1134_p1                       |   32|          3|   32|         96|
    |grp_fu_1139_opcode                   |    2|          3|    2|          6|
    |grp_fu_1139_p0                       |   32|          7|   32|        224|
    |grp_fu_1139_p1                       |   32|          3|   32|         96|
    |grp_fu_1150_p0                       |  224|         25|   32|        800|
    |grp_fu_1150_p1                       |  224|         26|   32|        832|
    |grp_fu_1154_p0                       |  256|         28|   32|        896|
    |grp_fu_1154_p1                       |  224|         24|   32|        768|
    |grp_fu_1158_p0                       |  192|         22|   32|        704|
    |grp_fu_1158_p1                       |   96|         15|   32|        480|
    |grp_fu_1162_p0                       |  192|         22|   32|        704|
    |grp_fu_1162_p1                       |  160|         19|   32|        608|
    |grp_fu_1166_p0                       |  160|         18|   32|        576|
    |grp_fu_1166_p1                       |   64|         11|   32|        352|
    |grp_fu_1170_p0                       |  160|         18|   32|        576|
    |grp_fu_1170_p1                       |   64|         11|   32|        352|
    |grp_fu_1174_p0                       |   96|         15|   32|        480|
    |grp_fu_1174_p1                       |   64|         11|   32|        352|
    |grp_fu_1178_p0                       |   96|         15|   32|        480|
    |grp_fu_1178_p1                       |   64|         11|   32|        352|
    |grp_fu_1182_p0                       |   64|          9|   32|        288|
    |grp_fu_1182_p1                       |   64|          8|   32|        256|
    |grp_fu_1186_p0                       |   64|          9|   32|        288|
    |grp_fu_1186_p1                       |   64|          8|   32|        256|
    |grp_fu_1190_p0                       |   32|          7|   32|        224|
    |grp_fu_1190_p1                       |   32|          7|   32|        224|
    |grp_fu_1194_p0                       |   32|          7|   32|        224|
    |grp_fu_1194_p1                       |   32|          7|   32|        224|
    |grp_fu_1199_p0                       |   32|          3|   32|         96|
    |grp_fu_1203_p0                       |   32|          3|   32|         96|
    |grp_fu_1229_p0                       |  192|         23|   32|        736|
    |grp_fu_1229_p1                       |   32|          6|   32|        192|
    |grp_fu_1233_p0                       |  192|         23|   32|        736|
    |grp_fu_1233_p1                       |   32|          6|   32|        192|
    |grp_fu_1241_p0                       |   96|         14|   32|        448|
    |grp_fu_1241_p1                       |   32|          4|   32|        128|
    |grp_fu_1246_p0                       |   96|         14|   32|        448|
    |grp_fu_1246_p1                       |   32|          4|   32|        128|
    |grp_fu_1251_p0                       |   96|         14|   32|        448|
    |grp_fu_1251_p1                       |   32|          4|   32|        128|
    |grp_fu_1256_p0                       |   96|         14|   32|        448|
    |grp_fu_1256_p1                       |   32|          4|   32|        128|
    |grp_fu_1261_p0                       |   96|         14|   32|        448|
    |grp_fu_1261_p1                       |   32|          4|   32|        128|
    |grp_fu_1266_p0                       |   96|         14|   32|        448|
    |grp_fu_1266_p1                       |   32|          4|   32|        128|
    |grp_fu_1271_p0                       |   32|          3|   32|         96|
    |grp_fu_1271_p1                       |   32|          3|   32|         96|
    |grp_fu_1276_p0                       |   32|          3|   32|         96|
    |grp_fu_1276_p1                       |   32|          3|   32|         96|
    |grp_fu_1281_p0                       |   32|          3|   32|         96|
    |grp_fu_1281_p1                       |   32|          3|   32|         96|
    |grp_fu_1286_p0                       |   32|          3|   32|         96|
    |grp_fu_1286_p1                       |   32|          3|   32|         96|
    |grp_fu_1291_p0                       |   32|          3|   32|         96|
    |grp_fu_1291_p1                       |   32|          3|   32|         96|
    |grp_fu_1296_p0                       |   32|          3|   32|         96|
    |grp_fu_1296_p1                       |   32|          3|   32|         96|
    |grp_fu_1301_p0                       |   32|          3|   32|         96|
    |grp_fu_1301_p1                       |   32|          3|   32|         96|
    |grp_fu_1306_p0                       |   32|          3|   32|         96|
    |grp_fu_1306_p1                       |   32|          3|   32|         96|
    |i_0_i_reg_826                        |    4|          2|    4|          8|
    |indvar_flatten_reg_815               |    6|          2|    6|         12|
    |j1_0_i_reg_931                       |    3|          2|    3|          6|
    |j2_0_i_reg_1073                      |    4|          2|    4|          8|
    |j_0_i_reg_837                        |    3|          2|    3|          6|
    |k_2_i_reg_920                        |    7|          2|    7|         14|
    |k_3_i_reg_1062                       |    7|          2|    7|         14|
    +-------------------------------------+-----+-----------+-----+-----------+
    |Total                                | 8689|       1265| 2860|      32806|
    +-------------------------------------+-----+-----------+-----+-----------+

    * Register: 
    +-------------------------------------+-----+----+-----+-----------+
    |                 Name                |  FF | LUT| Bits| Const Bits|
    +-------------------------------------+-----+----+-----+-----------+
    |a_0_load_1_reg_4114                  |   32|   0|   32|          0|
    |a_0_load_2_reg_3604                  |   32|   0|   32|          0|
    |a_0_load_3_reg_3634                  |   32|   0|   32|          0|
    |a_0_load_4_reg_3724                  |   32|   0|   32|          0|
    |a_0_load_5_reg_3754                  |   32|   0|   32|          0|
    |a_0_load_6_reg_3844                  |   32|   0|   32|          0|
    |a_0_load_7_reg_3874                  |   32|   0|   32|          0|
    |a_0_load_8_reg_4024                  |   32|   0|   32|          0|
    |a_0_load_9_reg_4054                  |   32|   0|   32|          0|
    |a_0_load_reg_4084                    |   32|   0|   32|          0|
    |a_1_load_1_reg_4119                  |   32|   0|   32|          0|
    |a_1_load_2_reg_3609                  |   32|   0|   32|          0|
    |a_1_load_3_reg_3639                  |   32|   0|   32|          0|
    |a_1_load_4_reg_3729                  |   32|   0|   32|          0|
    |a_1_load_5_reg_3759                  |   32|   0|   32|          0|
    |a_1_load_6_reg_3849                  |   32|   0|   32|          0|
    |a_1_load_7_reg_3879                  |   32|   0|   32|          0|
    |a_1_load_8_reg_4029                  |   32|   0|   32|          0|
    |a_1_load_9_reg_4059                  |   32|   0|   32|          0|
    |a_1_load_reg_4089                    |   32|   0|   32|          0|
    |a_2_load_1_reg_4124                  |   32|   0|   32|          0|
    |a_2_load_2_reg_3614                  |   32|   0|   32|          0|
    |a_2_load_3_reg_3644                  |   32|   0|   32|          0|
    |a_2_load_4_reg_3734                  |   32|   0|   32|          0|
    |a_2_load_5_reg_3764                  |   32|   0|   32|          0|
    |a_2_load_6_reg_3854                  |   32|   0|   32|          0|
    |a_2_load_7_reg_3884                  |   32|   0|   32|          0|
    |a_2_load_8_reg_4034                  |   32|   0|   32|          0|
    |a_2_load_9_reg_4064                  |   32|   0|   32|          0|
    |a_2_load_reg_4094                    |   32|   0|   32|          0|
    |a_3_load_1_reg_4129                  |   32|   0|   32|          0|
    |a_3_load_2_reg_3619                  |   32|   0|   32|          0|
    |a_3_load_3_reg_3649                  |   32|   0|   32|          0|
    |a_3_load_4_reg_3739                  |   32|   0|   32|          0|
    |a_3_load_5_reg_3769                  |   32|   0|   32|          0|
    |a_3_load_6_reg_3859                  |   32|   0|   32|          0|
    |a_3_load_7_reg_3889                  |   32|   0|   32|          0|
    |a_3_load_8_reg_4039                  |   32|   0|   32|          0|
    |a_3_load_9_reg_4069                  |   32|   0|   32|          0|
    |a_3_load_reg_4099                    |   32|   0|   32|          0|
    |a_4_load_1_reg_4134                  |   32|   0|   32|          0|
    |a_4_load_2_reg_3624                  |   32|   0|   32|          0|
    |a_4_load_3_reg_3654                  |   32|   0|   32|          0|
    |a_4_load_4_reg_3744                  |   32|   0|   32|          0|
    |a_4_load_5_reg_3774                  |   32|   0|   32|          0|
    |a_4_load_6_reg_3864                  |   32|   0|   32|          0|
    |a_4_load_7_reg_3894                  |   32|   0|   32|          0|
    |a_4_load_8_reg_4044                  |   32|   0|   32|          0|
    |a_4_load_9_reg_4074                  |   32|   0|   32|          0|
    |a_4_load_reg_4104                    |   32|   0|   32|          0|
    |a_5_load_1_reg_4139                  |   32|   0|   32|          0|
    |a_5_load_2_reg_3629                  |   32|   0|   32|          0|
    |a_5_load_3_reg_3659                  |   32|   0|   32|          0|
    |a_5_load_4_reg_3749                  |   32|   0|   32|          0|
    |a_5_load_5_reg_3779                  |   32|   0|   32|          0|
    |a_5_load_6_reg_3869                  |   32|   0|   32|          0|
    |a_5_load_7_reg_3899                  |   32|   0|   32|          0|
    |a_5_load_8_reg_4049                  |   32|   0|   32|          0|
    |a_5_load_9_reg_4079                  |   32|   0|   32|          0|
    |a_5_load_reg_4109                    |   32|   0|   32|          0|
    |ap_CS_fsm                            |  127|   0|  127|          0|
    |ap_reg_ioackin_OUTPUT_STREAM_TREADY  |    1|   0|    1|          0|
    |ap_reg_ppiten_pp2_it0                |    1|   0|    1|          0|
    |ap_reg_ppiten_pp2_it1                |    1|   0|    1|          0|
    |b_4_s_reg_860                        |   32|   0|   32|          0|
    |b_5_10_reg_884                       |   32|   0|   32|          0|
    |b_5_15_reg_896                       |   32|   0|   32|          0|
    |b_5_19_reg_908                       |   32|   0|   32|          0|
    |b_5_21_reg_872                       |   32|   0|   32|          0|
    |b_5_s_reg_848                        |   32|   0|   32|          0|
    |c_0_reg_3398                         |   32|   0|   32|          0|
    |c_8_s_reg_954                        |   32|   0|   32|          0|
    |c_9_13_reg_3474                      |   32|   0|   32|          0|
    |c_9_18_reg_978                       |   32|   0|   32|          0|
    |c_9_22_reg_3479                      |   32|   0|   32|          0|
    |c_9_27_reg_990                       |   32|   0|   32|          0|
    |c_9_30_reg_3484                      |   32|   0|   32|          0|
    |c_9_35_reg_1002                      |   32|   0|   32|          0|
    |c_9_42_reg_1014                      |   32|   0|   32|          0|
    |c_9_48_reg_1026                      |   32|   0|   32|          0|
    |c_9_4_reg_3419                       |   32|   0|   32|          0|
    |c_9_53_reg_1038                      |   32|   0|   32|          0|
    |c_9_57_reg_1050                      |   32|   0|   32|          0|
    |c_9_59_reg_966                       |   32|   0|   32|          0|
    |c_9_s_reg_942                        |   32|   0|   32|          0|
    |exitcond_i_reg_3389                  |    1|   0|    1|          0|
    |i_0_i_reg_826                        |    4|   0|    4|          0|
    |indvar_flatten_reg_815               |    6|   0|    6|          0|
    |j1_0_i_reg_931                       |    3|   0|    3|          0|
    |j2_0_i_reg_1073                      |    4|   0|    4|          0|
    |j_0_i_reg_837                        |    3|   0|    3|          0|
    |k_2_i_reg_920                        |    7|   0|    7|          0|
    |k_3_i_reg_1062                       |    7|   0|    7|          0|
    |pow_4_1_reg_4394                     |   32|   0|   32|          0|
    |pow_4_2_reg_4300                     |   32|   0|   32|          0|
    |pow_4_3_reg_4315                     |   32|   0|   32|          0|
    |pow_4_4_reg_4330                     |   32|   0|   32|          0|
    |pow_4_5_reg_4340                     |   32|   0|   32|          0|
    |pow_4_6_reg_4351                     |   32|   0|   32|          0|
    |pow_4_7_reg_4361                     |   32|   0|   32|          0|
    |pow_4_reg_4384                       |   32|   0|   32|          0|
    |reg_1339                             |   32|   0|   32|          0|
    |reg_1349                             |   32|   0|   32|          0|
    |reg_1359                             |   32|   0|   32|          0|
    |reg_1369                             |   32|   0|   32|          0|
    |reg_1379                             |   32|   0|   32|          0|
    |reg_1388                             |   32|   0|   32|          0|
    |reg_1397                             |   32|   0|   32|          0|
    |reg_1405                             |   32|   0|   32|          0|
    |reg_1413                             |   32|   0|   32|          0|
    |reg_1421                             |   32|   0|   32|          0|
    |reg_1429                             |   32|   0|   32|          0|
    |reg_1436                             |   32|   0|   32|          0|
    |reg_1443                             |   32|   0|   32|          0|
    |reg_1453                             |   32|   0|   32|          0|
    |reg_1463                             |   32|   0|   32|          0|
    |reg_1474                             |   32|   0|   32|          0|
    |reg_1485                             |   32|   0|   32|          0|
    |reg_1494                             |   32|   0|   32|          0|
    |reg_1503                             |   32|   0|   32|          0|
    |reg_1510                             |   32|   0|   32|          0|
    |reg_1517                             |   32|   0|   32|          0|
    |reg_1524                             |   32|   0|   32|          0|
    |reg_1531                             |   32|   0|   32|          0|
    |reg_1542                             |   32|   0|   32|          0|
    |reg_1553                             |   32|   0|   32|          0|
    |reg_1563                             |   32|   0|   32|          0|
    |reg_1573                             |   32|   0|   32|          0|
    |reg_1583                             |   32|   0|   32|          0|
    |reg_1593                             |   32|   0|   32|          0|
    |reg_1600                             |   32|   0|   32|          0|
    |reg_1607                             |   32|   0|   32|          0|
    |reg_1617                             |   32|   0|   32|          0|
    |reg_1628                             |   32|   0|   32|          0|
    |reg_1638                             |   32|   0|   32|          0|
    |reg_1648                             |   32|   0|   32|          0|
    |reg_1658                             |   32|   0|   32|          0|
    |reg_1668                             |   32|   0|   32|          0|
    |reg_1676                             |   32|   0|   32|          0|
    |reg_1684                             |   32|   0|   32|          0|
    |reg_1696                             |   32|   0|   32|          0|
    |reg_1706                             |   32|   0|   32|          0|
    |reg_1713                             |   32|   0|   32|          0|
    |reg_1720                             |   32|   0|   32|          0|
    |reg_1727                             |   32|   0|   32|          0|
    |reg_1734                             |   32|   0|   32|          0|
    |reg_1741                             |   32|   0|   32|          0|
    |reg_1748                             |   32|   0|   32|          0|
    |reg_1755                             |   32|   0|   32|          0|
    |reg_1762                             |   32|   0|   32|          0|
    |reg_1769                             |   32|   0|   32|          0|
    |reg_1776                             |   32|   0|   32|          0|
    |reg_1787                             |   32|   0|   32|          0|
    |reg_1798                             |   32|   0|   32|          0|
    |reg_1806                             |   32|   0|   32|          0|
    |reg_1814                             |   32|   0|   32|          0|
    |reg_1821                             |   32|   0|   32|          0|
    |reg_1828                             |   32|   0|   32|          0|
    |reg_1835                             |   32|   0|   32|          0|
    |reg_1842                             |   32|   0|   32|          0|
    |reg_1848                             |   32|   0|   32|          0|
    |reg_1854                             |   32|   0|   32|          0|
    |reg_1860                             |   32|   0|   32|          0|
    |reg_1866                             |   32|   0|   32|          0|
    |reg_1876                             |   32|   0|   32|          0|
    |reg_1886                             |   32|   0|   32|          0|
    |reg_1893                             |   32|   0|   32|          0|
    |reg_1900                             |   32|   0|   32|          0|
    |reg_1907                             |   32|   0|   32|          0|
    |reg_1914                             |   32|   0|   32|          0|
    |reg_1921                             |   32|   0|   32|          0|
    |reg_1928                             |   32|   0|   32|          0|
    |reg_1934                             |   32|   0|   32|          0|
    |reg_1940                             |   32|   0|   32|          0|
    |reg_1950                             |   32|   0|   32|          0|
    |reg_1960                             |   32|   0|   32|          0|
    |reg_1967                             |   32|   0|   32|          0|
    |reg_1974                             |   32|   0|   32|          0|
    |reg_1981                             |   32|   0|   32|          0|
    |reg_1988                             |   32|   0|   32|          0|
    |reg_1995                             |   32|   0|   32|          0|
    |reg_2002                             |   32|   0|   32|          0|
    |reg_2008                             |   32|   0|   32|          0|
    |reg_2014                             |   32|   0|   32|          0|
    |reg_2023                             |   32|   0|   32|          0|
    |reg_2032                             |   32|   0|   32|          0|
    |reg_2045                             |   32|   0|   32|          0|
    |reg_2059                             |   32|   0|   32|          0|
    |reg_2066                             |   32|   0|   32|          0|
    |reg_2073                             |   32|   0|   32|          0|
    |reg_2080                             |   32|   0|   32|          0|
    |reg_2087                             |   32|   0|   32|          0|
    |reg_2095                             |   32|   0|   32|          0|
    |reg_2104                             |   32|   0|   32|          0|
    |reg_2112                             |   32|   0|   32|          0|
    |reg_2120                             |   32|   0|   32|          0|
    |reg_2127                             |   32|   0|   32|          0|
    |reg_2133                             |   32|   0|   32|          0|
    |reg_2143                             |   32|   0|   32|          0|
    |reg_2154                             |   32|   0|   32|          0|
    |reg_2163                             |   32|   0|   32|          0|
    |reg_2174                             |   32|   0|   32|          0|
    |reg_2183                             |   32|   0|   32|          0|
    |reg_2194                             |   32|   0|   32|          0|
    |reg_2202                             |   32|   0|   32|          0|
    |reg_2212                             |   32|   0|   32|          0|
    |reg_2220                             |   32|   0|   32|          0|
    |reg_2230                             |   32|   0|   32|          0|
    |reg_2236                             |   32|   0|   32|          0|
    |reg_2242                             |   32|   0|   32|          0|
    |reg_2248                             |   32|   0|   32|          0|
    |reg_2254                             |   32|   0|   32|          0|
    |reg_2260                             |   32|   0|   32|          0|
    |reg_2266                             |   32|   0|   32|          0|
    |reg_2272                             |   32|   0|   32|          0|
    |reg_2278                             |   32|   0|   32|          0|
    |reg_2284                             |   32|   0|   32|          0|
    |reg_2290                             |   32|   0|   32|          0|
    |reg_2296                             |   32|   0|   32|          0|
    |reg_2302                             |   32|   0|   32|          0|
    |reg_2308                             |   32|   0|   32|          0|
    |reg_2314                             |   32|   0|   32|          0|
    |reg_2321                             |   32|   0|   32|          0|
    |reg_2328                             |   32|   0|   32|          0|
    |reg_2335                             |   32|   0|   32|          0|
    |reg_2342                             |   32|   0|   32|          0|
    |reg_2347                             |   32|   0|   32|          0|
    |reg_2352                             |   32|   0|   32|          0|
    |reg_2358                             |   32|   0|   32|          0|
    |reg_2364                             |   32|   0|   32|          0|
    |reg_2370                             |   32|   0|   32|          0|
    |reg_2376                             |   32|   0|   32|          0|
    |reg_2382                             |   32|   0|   32|          0|
    |reg_2388                             |   32|   0|   32|          0|
    |reg_2394                             |   32|   0|   32|          0|
    |reg_2400                             |   32|   0|   32|          0|
    |reg_2406                             |   32|   0|   32|          0|
    |reg_2412                             |   32|   0|   32|          0|
    |reg_2418                             |   32|   0|   32|          0|
    |ret_reg_4244                         |   32|   0|   32|          0|
    |sel_tmp10_reg_3424                   |    1|   0|    1|          0|
    |sel_tmp11_reg_3435                   |    1|   0|    1|          0|
    |sel_tmp12_reg_3447                   |    1|   0|    1|          0|
    |sel_tmp13_reg_3460                   |    1|   0|    1|          0|
    |sel_tmp7_reg_3408                    |    1|   0|    1|          0|
    |sel_tmp9_reg_3413                    |    1|   0|    1|          0|
    |tmp_13_5_4_reg_4144                  |   32|   0|   32|          0|
    |tmp_13_5_5_reg_4150                  |   32|   0|   32|          0|
    |tmp_13_7_2_reg_4156                  |   32|   0|   32|          0|
    |tmp_13_7_3_reg_4162                  |   32|   0|   32|          0|
    |tmp_13_7_4_reg_4168                  |   32|   0|   32|          0|
    |tmp_13_7_5_reg_4174                  |   32|   0|   32|          0|
    |tmp_13_9_2_reg_4180                  |   32|   0|   32|          0|
    |tmp_13_9_3_reg_4186                  |   32|   0|   32|          0|
    |tmp_13_9_4_reg_4192                  |   32|   0|   32|          0|
    |tmp_13_9_5_reg_4198                  |   32|   0|   32|          0|
    |tmp_14_1_2_reg_4224                  |   32|   0|   32|          0|
    |tmp_14_1_3_reg_4229                  |   32|   0|   32|          0|
    |tmp_14_1_4_reg_4234                  |   32|   0|   32|          0|
    |tmp_14_1_5_reg_4239                  |   32|   0|   32|          0|
    |tmp_14_7_4_reg_4204                  |   32|   0|   32|          0|
    |tmp_14_7_5_reg_4209                  |   32|   0|   32|          0|
    |tmp_14_9_4_reg_4214                  |   32|   0|   32|          0|
    |tmp_14_9_5_reg_4219                  |   32|   0|   32|          0|
    |tmp_19_reg_4489                      |   32|   0|   32|          0|
    |tmp_20_reg_4495                      |   32|   0|   32|          0|
    |tmp_21_reg_4501                      |   32|   0|   32|          0|
    |tmp_36_1_reg_4378                    |   32|   0|   32|          0|
    |tmp_50_0_1_reg_4633                  |   32|   0|   32|          0|
    |tmp_50_1_1_reg_4657                  |   32|   0|   32|          0|
    |tmp_50_1_2_reg_4811                  |   32|   0|   32|          0|
    |tmp_50_3_2_reg_4681                  |   32|   0|   32|          0|
    |tmp_50_4_1_reg_4525                  |   32|   0|   32|          0|
    |tmp_50_4_2_reg_4701                  |   32|   0|   32|          0|
    |tmp_50_5_1_reg_4549                  |   32|   0|   32|          0|
    |tmp_50_5_2_reg_4721                  |   32|   0|   32|          0|
    |tmp_50_6_1_reg_4561                  |   32|   0|   32|          0|
    |tmp_50_6_2_reg_4741                  |   32|   0|   32|          0|
    |tmp_50_7_1_reg_4585                  |   32|   0|   32|          0|
    |tmp_50_7_2_reg_4761                  |   32|   0|   32|          0|
    |tmp_50_8_1_reg_4597                  |   32|   0|   32|          0|
    |tmp_50_9_1_reg_4621                  |   32|   0|   32|          0|
    |tmp_50_9_2_reg_4801                  |   32|   0|   32|          0|
    |tmp_54_0_1_reg_4639                  |   32|   0|   32|          0|
    |tmp_54_1_1_reg_4663                  |   32|   0|   32|          0|
    |tmp_54_1_2_reg_4816                  |   32|   0|   32|          0|
    |tmp_54_1_reg_4507                    |   32|   0|   32|          0|
    |tmp_54_2_reg_4405                    |   32|   0|   32|          0|
    |tmp_54_3_2_reg_4686                  |   32|   0|   32|          0|
    |tmp_54_4_1_reg_4531                  |   32|   0|   32|          0|
    |tmp_54_4_2_reg_4706                  |   32|   0|   32|          0|
    |tmp_54_4_reg_4417                    |   32|   0|   32|          0|
    |tmp_54_5_1_reg_4555                  |   32|   0|   32|          0|
    |tmp_54_5_2_reg_4726                  |   32|   0|   32|          0|
    |tmp_54_5_reg_4435                    |   32|   0|   32|          0|
    |tmp_54_6_1_reg_4567                  |   32|   0|   32|          0|
    |tmp_54_6_2_reg_4746                  |   32|   0|   32|          0|
    |tmp_54_6_reg_4441                    |   32|   0|   32|          0|
    |tmp_54_7_1_reg_4591                  |   32|   0|   32|          0|
    |tmp_54_7_2_reg_4766                  |   32|   0|   32|          0|
    |tmp_54_7_reg_4459                    |   32|   0|   32|          0|
    |tmp_54_8_1_reg_4603                  |   32|   0|   32|          0|
    |tmp_54_8_reg_4465                    |   32|   0|   32|          0|
    |tmp_54_9_1_reg_4627                  |   32|   0|   32|          0|
    |tmp_54_9_2_reg_4806                  |   32|   0|   32|          0|
    |tmp_54_9_reg_4483                    |   32|   0|   32|          0|
    |tmp_59_0_1_reg_4645                  |   32|   0|   32|          0|
    |tmp_59_1_1_reg_4669                  |   32|   0|   32|          0|
    |tmp_59_1_2_reg_4821                  |   32|   0|   32|          0|
    |tmp_59_2_reg_4411                    |   32|   0|   32|          0|
    |tmp_59_3_1_reg_4513                  |   32|   0|   32|          0|
    |tmp_59_3_2_reg_4691                  |   32|   0|   32|          0|
    |tmp_59_4_1_reg_4537                  |   32|   0|   32|          0|
    |tmp_59_4_2_reg_4711                  |   32|   0|   32|          0|
    |tmp_59_4_reg_4423                    |   32|   0|   32|          0|
    |tmp_59_5_2_reg_4731                  |   32|   0|   32|          0|
    |tmp_59_6_1_reg_4573                  |   32|   0|   32|          0|
    |tmp_59_6_2_reg_4751                  |   32|   0|   32|          0|
    |tmp_59_6_reg_4447                    |   32|   0|   32|          0|
    |tmp_59_7_2_reg_4771                  |   32|   0|   32|          0|
    |tmp_59_8_1_reg_4609                  |   32|   0|   32|          0|
    |tmp_59_8_2_reg_4791                  |   32|   0|   32|          0|
    |tmp_59_8_reg_4471                    |   32|   0|   32|          0|
    |tmp_64_0_1_reg_4651                  |   32|   0|   32|          0|
    |tmp_64_1_1_reg_4675                  |   32|   0|   32|          0|
    |tmp_64_1_2_reg_4826                  |   32|   0|   32|          0|
    |tmp_64_3_1_reg_4519                  |   32|   0|   32|          0|
    |tmp_64_3_2_reg_4696                  |   32|   0|   32|          0|
    |tmp_64_4_1_reg_4543                  |   32|   0|   32|          0|
    |tmp_64_4_2_reg_4716                  |   32|   0|   32|          0|
    |tmp_64_4_reg_4429                    |   32|   0|   32|          0|
    |tmp_64_5_2_reg_4736                  |   32|   0|   32|          0|
    |tmp_64_6_1_reg_4579                  |   32|   0|   32|          0|
    |tmp_64_6_2_reg_4756                  |   32|   0|   32|          0|
    |tmp_64_6_reg_4453                    |   32|   0|   32|          0|
    |tmp_64_7_2_reg_4776                  |   32|   0|   32|          0|
    |tmp_64_8_1_reg_4615                  |   32|   0|   32|          0|
    |tmp_64_8_2_reg_4796                  |   32|   0|   32|          0|
    |tmp_64_8_reg_4477                    |   32|   0|   32|          0|
    |tmp_68_0_1_reg_4861                  |   32|   0|   32|          0|
    |tmp_68_1_1_reg_4866                  |   32|   0|   32|          0|
    |tmp_68_2_10_reg_4916                 |   32|   0|   32|          0|
    |tmp_68_2_11_reg_4921                 |   32|   0|   32|          0|
    |tmp_68_2_12_reg_4926                 |   32|   0|   32|          0|
    |tmp_68_2_1_reg_4781                  |   32|   0|   32|          0|
    |tmp_68_2_6_reg_4871                  |   32|   0|   32|          0|
    |tmp_68_2_7_reg_4876                  |   32|   0|   32|          0|
    |tmp_68_2_8_reg_4881                  |   32|   0|   32|          0|
    |tmp_68_2_9_reg_4886                  |   32|   0|   32|          0|
    |tmp_68_2_s_reg_4911                  |   32|   0|   32|          0|
    |tmp_68_3_10_reg_4936                 |   32|   0|   32|          0|
    |tmp_68_3_11_reg_4941                 |   32|   0|   32|          0|
    |tmp_68_3_12_reg_4946                 |   32|   0|   32|          0|
    |tmp_68_3_1_reg_4786                  |   32|   0|   32|          0|
    |tmp_68_3_6_reg_4891                  |   32|   0|   32|          0|
    |tmp_68_3_7_reg_4896                  |   32|   0|   32|          0|
    |tmp_68_3_8_reg_4901                  |   32|   0|   32|          0|
    |tmp_68_3_9_reg_4906                  |   32|   0|   32|          0|
    |tmp_68_3_s_reg_4931                  |   32|   0|   32|          0|
    |tmp_68_4_1_reg_4831                  |   32|   0|   32|          0|
    |tmp_68_5_1_reg_4836                  |   32|   0|   32|          0|
    |tmp_68_6_1_reg_4841                  |   32|   0|   32|          0|
    |tmp_68_7_1_reg_4846                  |   32|   0|   32|          0|
    |tmp_68_8_1_reg_4851                  |   32|   0|   32|          0|
    |tmp_68_9_1_reg_4856                  |   32|   0|   32|          0|
    |tmp_6_reg_4372                       |   32|   0|   32|          0|
    |tmp_73_3_5_reg_4951                  |   32|   0|   32|          0|
    |tmp_73_3_6_reg_4956                  |   32|   0|   32|          0|
    |tmp_80_6_3_reg_4961                  |   32|   0|   32|          0|
    |tmp_80_7_3_reg_4966                  |   32|   0|   32|          0|
    +-------------------------------------+-----+----+-----+-----------+
    |Total                                |11435|   0|11435|          0|
    +-------------------------------------+-----+----+-----+-----------+



================================================================
== Interface
================================================================
* Summary: 
+---------------------------+-----+-----+------------+----------------------+--------------+
|         RTL Ports         | Dir | Bits|  Protocol  |     Source Object    |    C Type    |
+---------------------------+-----+-----+------------+----------------------+--------------+
|s_axi_CONTROL_BUS_AWVALID  |  in |    1|    s_axi   |      CONTROL_BUS     |  return void |
|s_axi_CONTROL_BUS_AWREADY  | out |    1|    s_axi   |      CONTROL_BUS     |  return void |
|s_axi_CONTROL_BUS_AWADDR   |  in |    5|    s_axi   |      CONTROL_BUS     |  return void |
|s_axi_CONTROL_BUS_WVALID   |  in |    1|    s_axi   |      CONTROL_BUS     |  return void |
|s_axi_CONTROL_BUS_WREADY   | out |    1|    s_axi   |      CONTROL_BUS     |  return void |
|s_axi_CONTROL_BUS_WDATA    |  in |   32|    s_axi   |      CONTROL_BUS     |  return void |
|s_axi_CONTROL_BUS_WSTRB    |  in |    4|    s_axi   |      CONTROL_BUS     |  return void |
|s_axi_CONTROL_BUS_ARVALID  |  in |    1|    s_axi   |      CONTROL_BUS     |  return void |
|s_axi_CONTROL_BUS_ARREADY  | out |    1|    s_axi   |      CONTROL_BUS     |  return void |
|s_axi_CONTROL_BUS_ARADDR   |  in |    5|    s_axi   |      CONTROL_BUS     |  return void |
|s_axi_CONTROL_BUS_RVALID   | out |    1|    s_axi   |      CONTROL_BUS     |  return void |
|s_axi_CONTROL_BUS_RREADY   |  in |    1|    s_axi   |      CONTROL_BUS     |  return void |
|s_axi_CONTROL_BUS_RDATA    | out |   32|    s_axi   |      CONTROL_BUS     |  return void |
|s_axi_CONTROL_BUS_RRESP    | out |    2|    s_axi   |      CONTROL_BUS     |  return void |
|s_axi_CONTROL_BUS_BVALID   | out |    1|    s_axi   |      CONTROL_BUS     |  return void |
|s_axi_CONTROL_BUS_BREADY   |  in |    1|    s_axi   |      CONTROL_BUS     |  return void |
|s_axi_CONTROL_BUS_BRESP    | out |    2|    s_axi   |      CONTROL_BUS     |  return void |
|ap_clk                     |  in |    1| ap_ctrl_hs |       KBF_accel      | return value |
|ap_rst_n                   |  in |    1| ap_ctrl_hs |       KBF_accel      | return value |
|interrupt                  | out |    1| ap_ctrl_hs |       KBF_accel      | return value |
|INPUT_STREAM_TDATA         |  in |   32|    axis    |  INPUT_STREAM_data_V |    pointer   |
|INPUT_STREAM_TVALID        |  in |    1|    axis    |  INPUT_STREAM_data_V |    pointer   |
|INPUT_STREAM_TREADY        | out |    1|    axis    |  INPUT_STREAM_dest_V |    pointer   |
|INPUT_STREAM_TDEST         |  in |    5|    axis    |  INPUT_STREAM_dest_V |    pointer   |
|INPUT_STREAM_TKEEP         |  in |    4|    axis    |  INPUT_STREAM_keep_V |    pointer   |
|INPUT_STREAM_TSTRB         |  in |    4|    axis    |  INPUT_STREAM_strb_V |    pointer   |
|INPUT_STREAM_TUSER         |  in |    4|    axis    |  INPUT_STREAM_user_V |    pointer   |
|INPUT_STREAM_TLAST         |  in |    1|    axis    |  INPUT_STREAM_last_V |    pointer   |
|INPUT_STREAM_TID           |  in |    5|    axis    |   INPUT_STREAM_id_V  |    pointer   |
|OUTPUT_STREAM_TDATA        | out |   32|    axis    | OUTPUT_STREAM_data_V |    pointer   |
|OUTPUT_STREAM_TVALID       | out |    1|    axis    | OUTPUT_STREAM_dest_V |    pointer   |
|OUTPUT_STREAM_TREADY       |  in |    1|    axis    | OUTPUT_STREAM_dest_V |    pointer   |
|OUTPUT_STREAM_TDEST        | out |    5|    axis    | OUTPUT_STREAM_dest_V |    pointer   |
|OUTPUT_STREAM_TKEEP        | out |    4|    axis    | OUTPUT_STREAM_keep_V |    pointer   |
|OUTPUT_STREAM_TSTRB        | out |    4|    axis    | OUTPUT_STREAM_strb_V |    pointer   |
|OUTPUT_STREAM_TUSER        | out |    4|    axis    | OUTPUT_STREAM_user_V |    pointer   |
|OUTPUT_STREAM_TLAST        | out |    1|    axis    | OUTPUT_STREAM_last_V |    pointer   |
|OUTPUT_STREAM_TID          | out |    5|    axis    |  OUTPUT_STREAM_id_V  |    pointer   |
+---------------------------+-----+-----+------------+----------------------+--------------+

